// Jest Snapshot v1, https://goo.gl/fbAQLP

exports[`renders character card unchanged 1`] = `
<div>
  <div
    data-testid="CharacterCard__Component"
  >
    <a
      class="sc-bczRLJ bweXec"
    >
      <span
        style="box-sizing: border-box; display: inline-block; overflow: hidden; background: none; opacity: 1; border: 0px; margin: 0px; padding: 0px; position: relative; max-width: 100%;"
      >
        <span
          style="box-sizing: border-box; display: block; background: none; opacity: 1; border: 0px; margin: 0px; padding: 0px; max-width: 100%;"
        >
          <img
            alt=""
            aria-hidden="true"
            src="data:image/svg+xml,%3csvg%20xmlns=%27http://www.w3.org/2000/svg%27%20version=%271.1%27%20width=%27250%27%20height=%27250%27/%3e"
            style="display: block; max-width: 100%; background: none; opacity: 1; border: 0px; margin: 0px; padding: 0px;"
          />
        </span>
        <img
          data-nimg="intrinsic"
          decoding="async"
          src="undefined/standard_fantastic.jpg"
          srcset="undefined/standard_fantastic.jpg 1x, undefined/standard_fantastic.jpg 2x"
          style="position: absolute; top: 0px; left: 0px; bottom: 0px; right: 0px; box-sizing: border-box; padding: 0px; margin: auto; display: block; width: 0px; height: 0px; min-width: 100%; max-width: 100%; min-height: 100%; max-height: 100%; object-fit: cover;"
        />
      </span>
      <div
        class="sc-gsnTZi jdrDPq"
      />
    </a>
  </div>
</div>
`;
